SensorOutput\101--26-06--15.11.bmp
SensorOutput\634--26-06--15.21.bmp
SensorOutput\764--26-06--15.28.bmp
SensorOutput\541--26-06--15.28.bmp
SensorOutput\101--26-06--15.11 copy.bmp
SensorOutput\101--26-06--15.11 copy 2.bmp
SensorOutput\634--26-06--15.21 copy.bmp
SensorOutput\634--26-06--15.21 copy 2.bmp
SensorOutput\thermal_image copy.bmp
SensorOutput\495--26-06--15.37 copy.bmp
SensorOutput\495--26-06--15.37 copy 2.bmp
SensorOutput\Circuit-Board-MWIR-1920x1080px-1-1536x864 copy 2.bmp
SensorOutput\Circuit-Board-MWIR-1920x1080px-1-1536x864 copy 3.bmp
SensorOutput\Circuit-Board-MWIR-1920x1080px-1-1536x864 copy 4.bmp
SensorOutput\Circuit-Board-MWIR-1920x1080px-1-1536x864 copy 5.bmp
SensorOutput\495--26-06--15.37 copy 3.bmp
SensorOutput\thermal_image copy 2.bmp
SensorOutput\thermal_image copy 3.bmp
SensorOutput\thermal_image copy 4.bmp
SensorOutput\thermal_image copy 5.bmp
SensorOutput\thermal_image copy 6.bmp
SensorOutput\thermal_image copy 7.bmp
SensorOutput\thermal_image copy 8.bmp
SensorOutput\thermal_image copy 9.bmp
SensorOutput\thermal_image copy 10.bmp
SensorOutput\thermal_image copy 11.bmp
SensorOutput\thermal_image copy 12.bmp
SensorOutput\thermal_image copy 13.bmp
SensorOutput\thermal_image copy 14.bmp
SensorOutput\thermal_image copy 15.bmp
SensorOutput\thermal_image copy 16.bmp
SensorOutput\thermal_image copy 17.bmp
SensorOutput\thermal_image copy 18.bmp
SensorOutput\thermal_image copy 19.bmp
